[2020-07-22T22:15:05.031+0200][gc,heap] Heap region size: 1M
[2020-07-22T22:15:05.043+0200][gc     ] Using G1
[2020-07-22T22:15:05.043+0200][gc,heap,coops] Heap address: 0x00000000c0000000, size: 1024 MB, Compressed Oops mode: 32-bit
[2020-07-22T22:15:05.043+0200][gc,cds       ] Mark closed archive regions in map: [0x00000000fff00000, 0x00000000fff69ff8]
[2020-07-22T22:15:05.043+0200][gc,cds       ] Mark open archive regions in map: [0x00000000ffe00000, 0x00000000ffe46ff8]
[2020-07-22T22:15:06.377+0200][gc,start     ] GC(0) Pause Young (Normal) (G1 Evacuation Pause)
[2020-07-22T22:15:06.377+0200][gc,task      ] GC(0) Using 4 workers of 4 for evacuation
[2020-07-22T22:15:06.389+0200][gc,phases    ] GC(0)   Pre Evacuate Collection Set: 0,0ms
[2020-07-22T22:15:06.389+0200][gc,phases    ] GC(0)   Evacuate Collection Set: 10,6ms
[2020-07-22T22:15:06.389+0200][gc,phases    ] GC(0)   Post Evacuate Collection Set: 0,6ms
[2020-07-22T22:15:06.389+0200][gc,phases    ] GC(0)   Other: 0,7ms
[2020-07-22T22:15:06.389+0200][gc,heap      ] GC(0) Eden regions: 51->0(44)
[2020-07-22T22:15:06.389+0200][gc,heap      ] GC(0) Survivor regions: 0->7(7)
[2020-07-22T22:15:06.389+0200][gc,heap      ] GC(0) Old regions: 2->2
[2020-07-22T22:15:06.389+0200][gc,heap      ] GC(0) Humongous regions: 0->0
[2020-07-22T22:15:06.389+0200][gc,metaspace ] GC(0) Metaspace: 15902K->15902K(1062912K)
[2020-07-22T22:15:06.389+0200][gc           ] GC(0) Pause Young (Normal) (G1 Evacuation Pause) 51M->7M(1024M) 12,143ms
[2020-07-22T22:15:06.389+0200][gc,cpu       ] GC(0) User=0,03s Sys=0,00s Real=0,01s
[2020-07-22T22:15:06.693+0200][gc,start     ] GC(1) Pause Young (Concurrent Start) (Metadata GC Threshold)
[2020-07-22T22:15:06.693+0200][gc,task      ] GC(1) Using 4 workers of 4 for evacuation
[2020-07-22T22:15:06.706+0200][gc,phases    ] GC(1)   Pre Evacuate Collection Set: 0,1ms
[2020-07-22T22:15:06.706+0200][gc,phases    ] GC(1)   Evacuate Collection Set: 13,0ms
[2020-07-22T22:15:06.706+0200][gc,phases    ] GC(1)   Post Evacuate Collection Set: 0,4ms
[2020-07-22T22:15:06.706+0200][gc,phases    ] GC(1)   Other: 0,3ms
[2020-07-22T22:15:06.706+0200][gc,heap      ] GC(1) Eden regions: 20->0(50)
[2020-07-22T22:15:06.706+0200][gc,heap      ] GC(1) Survivor regions: 7->1(7)
[2020-07-22T22:15:06.706+0200][gc,heap      ] GC(1) Old regions: 2->9
[2020-07-22T22:15:06.706+0200][gc,heap      ] GC(1) Humongous regions: 0->0
[2020-07-22T22:15:06.706+0200][gc,metaspace ] GC(1) Metaspace: 20492K->20492K(1067008K)
[2020-07-22T22:15:06.706+0200][gc           ] GC(1) Pause Young (Concurrent Start) (Metadata GC Threshold) 26M->7M(1024M) 13,893ms
[2020-07-22T22:15:06.707+0200][gc,cpu       ] GC(1) User=0,03s Sys=0,01s Real=0,01s
[2020-07-22T22:15:06.707+0200][gc           ] GC(2) Concurrent Cycle
[2020-07-22T22:15:06.707+0200][gc,marking   ] GC(2) Concurrent Clear Claimed Marks
[2020-07-22T22:15:06.707+0200][gc,marking   ] GC(2) Concurrent Clear Claimed Marks 0,057ms
[2020-07-22T22:15:06.707+0200][gc,marking   ] GC(2) Concurrent Scan Root Regions
[2020-07-22T22:15:06.708+0200][gc,marking   ] GC(2) Concurrent Scan Root Regions 1,852ms
[2020-07-22T22:15:06.709+0200][gc,marking   ] GC(2) Concurrent Mark (1,681s)
[2020-07-22T22:15:06.709+0200][gc,marking   ] GC(2) Concurrent Mark From Roots
[2020-07-22T22:15:06.709+0200][gc,task      ] GC(2) Using 1 workers of 1 for marking
[2020-07-22T22:15:06.717+0200][gc,marking   ] GC(2) Concurrent Mark From Roots 8,726ms
[2020-07-22T22:15:06.717+0200][gc,marking   ] GC(2) Concurrent Preclean
[2020-07-22T22:15:06.717+0200][gc,marking   ] GC(2) Concurrent Preclean 0,106ms
[2020-07-22T22:15:06.717+0200][gc,marking   ] GC(2) Concurrent Mark (1,681s, 1,690s) 8,903ms
[2020-07-22T22:15:06.760+0200][gc,start     ] GC(2) Pause Remark
[2020-07-22T22:15:06.764+0200][gc,stringtable] GC(2) Cleaned string and symbol table, strings: 4865 processed, 0 removed, symbols: 49436 processed, 52 removed
[2020-07-22T22:15:06.764+0200][gc            ] GC(2) Pause Remark 137M->137M(1024M) 4,173ms
[2020-07-22T22:15:06.764+0200][gc,cpu        ] GC(2) User=0,01s Sys=0,01s Real=0,00s
[2020-07-22T22:15:06.764+0200][gc,marking    ] GC(2) Concurrent Rebuild Remembered Sets
[2020-07-22T22:15:06.772+0200][gc,marking    ] GC(2) Concurrent Rebuild Remembered Sets 8,022ms
[2020-07-22T22:15:06.772+0200][gc,start      ] GC(2) Pause Cleanup
[2020-07-22T22:15:06.773+0200][gc            ] GC(2) Pause Cleanup 138M->138M(1024M) 0,241ms
[2020-07-22T22:15:06.773+0200][gc,cpu        ] GC(2) User=0,00s Sys=0,00s Real=0,00s
[2020-07-22T22:15:06.773+0200][gc,marking    ] GC(2) Concurrent Cleanup for Next Mark
[2020-07-22T22:15:06.786+0200][gc,marking    ] GC(2) Concurrent Cleanup for Next Mark 13,349ms
[2020-07-22T22:15:06.786+0200][gc            ] GC(2) Concurrent Cycle 79,644ms
[2020-07-22T22:15:07.564+0200][gc,start      ] GC(3) Pause Young (Normal) (G1 Evacuation Pause)
[2020-07-22T22:15:07.564+0200][gc,task       ] GC(3) Using 4 workers of 4 for evacuation
[2020-07-22T22:15:07.576+0200][gc,phases     ] GC(3)   Pre Evacuate Collection Set: 0,0ms
[2020-07-22T22:15:07.576+0200][gc,phases     ] GC(3)   Evacuate Collection Set: 11,7ms
[2020-07-22T22:15:07.576+0200][gc,phases     ] GC(3)   Post Evacuate Collection Set: 0,5ms
[2020-07-22T22:15:07.576+0200][gc,phases     ] GC(3)   Other: 0,2ms
[2020-07-22T22:15:07.576+0200][gc,heap       ] GC(3) Eden regions: 50->0(46)
[2020-07-22T22:15:07.576+0200][gc,heap       ] GC(3) Survivor regions: 1->5(7)
[2020-07-22T22:15:07.576+0200][gc,heap       ] GC(3) Old regions: 9->9
[2020-07-22T22:15:07.576+0200][gc,heap       ] GC(3) Humongous regions: 129->129
[2020-07-22T22:15:07.576+0200][gc,metaspace  ] GC(3) Metaspace: 29984K->29984K(1077248K)
[2020-07-22T22:15:07.576+0200][gc            ] GC(3) Pause Young (Normal) (G1 Evacuation Pause) 186M->140M(1024M) 12,537ms
[2020-07-22T22:15:07.576+0200][gc,cpu        ] GC(3) User=0,02s Sys=0,01s Real=0,02s
[2020-07-22T23:18:14.447+0200][gc,start      ] GC(4) Pause Young (Normal) (G1 Evacuation Pause)
[2020-07-22T23:18:14.447+0200][gc,task       ] GC(4) Using 4 workers of 4 for evacuation
[2020-07-22T23:18:14.455+0200][gc,phases     ] GC(4)   Pre Evacuate Collection Set: 0,0ms
[2020-07-22T23:18:14.455+0200][gc,phases     ] GC(4)   Evacuate Collection Set: 7,9ms
[2020-07-22T23:18:14.455+0200][gc,phases     ] GC(4)   Post Evacuate Collection Set: 0,4ms
[2020-07-22T23:18:14.455+0200][gc,phases     ] GC(4)   Other: 0,3ms
[2020-07-22T23:18:14.455+0200][gc,heap       ] GC(4) Eden regions: 46->0(50)
[2020-07-22T23:18:14.455+0200][gc,heap       ] GC(4) Survivor regions: 5->1(7)
[2020-07-22T23:18:14.455+0200][gc,heap       ] GC(4) Old regions: 9->14
[2020-07-22T23:18:14.455+0200][gc,heap       ] GC(4) Humongous regions: 129->129
[2020-07-22T23:18:14.455+0200][gc,metaspace  ] GC(4) Metaspace: 32478K->32478K(1079296K)
[2020-07-22T23:18:14.455+0200][gc            ] GC(4) Pause Young (Normal) (G1 Evacuation Pause) 186M->141M(1024M) 8,792ms
[2020-07-22T23:18:14.455+0200][gc,cpu        ] GC(4) User=0,02s Sys=0,00s Real=0,01s
[2020-07-23T00:11:02.896+0200][gc,start      ] GC(5) Pause Young (Normal) (G1 Evacuation Pause)
[2020-07-23T00:11:02.896+0200][gc,task       ] GC(5) Using 4 workers of 4 for evacuation
[2020-07-23T00:11:02.902+0200][gc,phases     ] GC(5)   Pre Evacuate Collection Set: 0,1ms
[2020-07-23T00:11:02.902+0200][gc,phases     ] GC(5)   Evacuate Collection Set: 4,0ms
[2020-07-23T00:11:02.902+0200][gc,phases     ] GC(5)   Post Evacuate Collection Set: 0,9ms
[2020-07-23T00:11:02.902+0200][gc,phases     ] GC(5)   Other: 0,7ms
[2020-07-23T00:11:02.902+0200][gc,heap       ] GC(5) Eden regions: 50->0(50)
[2020-07-23T00:11:02.902+0200][gc,heap       ] GC(5) Survivor regions: 1->1(7)
[2020-07-23T00:11:02.902+0200][gc,heap       ] GC(5) Old regions: 14->14
[2020-07-23T00:11:02.902+0200][gc,heap       ] GC(5) Humongous regions: 129->129
[2020-07-23T00:11:02.902+0200][gc,metaspace  ] GC(5) Metaspace: 32963K->32963K(1079296K)
[2020-07-23T00:11:02.902+0200][gc            ] GC(5) Pause Young (Normal) (G1 Evacuation Pause) 191M->141M(1024M) 6,003ms
[2020-07-23T00:11:02.902+0200][gc,cpu        ] GC(5) User=0,02s Sys=0,00s Real=0,01s
